C51 COMPILER V9.59.0.0   UART                                                              11/09/2018 18:39:06 PAGE 1   


C51 COMPILER V9.59.0.0, COMPILATION OF MODULE UART
OBJECT MODULE PLACED IN .\Objects\UART.obj
COMPILER INVOKED BY: C:\Keil_v5\C51\BIN\C51.EXE UART.c OPTIMIZE(8,SPEED) BROWSE DEBUG OBJECTEXTEND PRINT(.\Listings\UART
                    -.lst) TABS(2) OBJECT(.\Objects\UART.obj)

line level    source

   1          #include<reg51.h>
   2          #include <stdio.h>
   3          #include <string.h>
   4          
   5          void uart_init();       //Initialize UART
   6          void timer_init();      // Timer 2 in mode 2
   7          void uart_tx(char x);   //Transmission function
   8          char uart_rx();         //Receiving function
   9          void uart_msg(char *p);         //String transmission
  10          void newLine();
  11          void wait4Letter(char x);
  12          void startTimer();
  13          //void endTimer();
  14          
  15          int overFlows = 0x0000;
  16          
  17          void Timer0_ISR(void) interrupt 1 {
  18   1        TR0 = 0;
  19   1        //uart_msg("OverFlow Detected");
  20   1        overFlows ++;
  21   1        TF0 = 0;
  22   1        TR0 = 1;
  23   1        
  24   1      }
  25          
  26          void main(void){
  27   1        
  28   1        unsigned char x ;
  29   1        bit test = 0;  // for now it's zero, but later on it will be from an input pin
  30   1        bit user = 0 ; // for now it's user zero
  31   1        
  32   1        uart_init();
  33   1        
  34   1        startTimer();
  35   1        wait4Letter('a');
  36   1        //endTimer();
  37   1        
  38   1        while(1){
  39   2            if(!test){
  40   3            
  41   3              // CODE FOR TRAINING 
  42   3            }
  43   2            
  44   2            if(test){
  45   3            
  46   3              // CODE FOR TESTING
  47   3            }
  48   2          
  49   2          
  50   2        }
  51   1      }
*** WARNING C280 IN LINE 28 OF UART.c: 'x': unreferenced local variable
  52          
  53          void wait4Letter(char x){
C51 COMPILER V9.59.0.0   UART                                                              11/09/2018 18:39:06 PAGE 2   

  54   1      
  55   1        while(1){
  56   2          char y = uart_rx();
  57   2          uart_tx(y);
  58   2            
  59   2          if(y == x){
  60   3            uart_msg("recieved");
  61   3            uart_tx(x);
  62   3            return;
  63   3          }
  64   2          else{
  65   3            uart_msg("Wrong character !");
  66   3          }
  67   2        }
  68   1      }
  69          
  70          void startTimer(){
  71   1        TH0 = 0x00;
  72   1        TR0 = 1;
  73   1        ET0 = 1;
  74   1        EA = 1;
  75   1      }
  76          
  77          void uart_init(){
  78   1         SCON = 0x50;
  79   1         timer_init();
  80   1      }
  81          
  82          void timer_init(){
  83   1        TMOD = 0x22;
  84   1        TH1 = 0xFD;
  85   1        TR1 = 1;
  86   1      }
  87          
  88          void uart_tx(char x){
  89   1        SBUF = x;
  90   1        
  91   1        while(!TI);
  92   1        
  93   1        TI = 0;
  94   1      }
  95          
  96          char uart_rx(){
  97   1        char x;
  98   1        //REN = 1;
  99   1        while(!RI);
 100   1        x = SBUF;
 101   1        RI = 0;
 102   1        return x;
 103   1      }
 104          
 105          void uart_msg(char *p){
 106   1        
 107   1        while(*p != 0){
 108   2          uart_tx(*p);
 109   2          p++;
 110   2        }
 111   1      }
 112          
 113          void newLine(){
 114   1        uart_tx(0x0D);
 115   1      }
C51 COMPILER V9.59.0.0   UART                                                              11/09/2018 18:39:06 PAGE 3   



MODULE INFORMATION:   STATIC OVERLAYABLE
   CODE SIZE        =    149    ----
   CONSTANT SIZE    =     27    ----
   XDATA SIZE       =   ----    ----
   PDATA SIZE       =   ----    ----
   DATA SIZE        =      2       3
   IDATA SIZE       =   ----    ----
   BIT SIZE         =   ----       2
END OF MODULE INFORMATION.


C51 COMPILATION COMPLETE.  1 WARNING(S),  0 ERROR(S)
